emsmobile/06337C5B31010765458CD1760A47406F.cache.js
emsmobile/70265A12E8DB25BD13EC7AEE214CEBFF.cache.js
emsmobile/7F55168B3156F06D71909CA3B438DC09.cache.js
emsmobile/94BA418D8E03BD313958B1FCA8982871.cache.js
emsmobile/AC18923150E93C16299385C2CF680575.cache.js
emsmobile/appjs/app.js
emsmobile/appjs/app.js.old
emsmobile/appjs/app.min.css
emsmobile/appjs/app.min.js
emsmobile/appjs/app.min.js.old
emsmobile/appjs/bundle.html
emsmobile/appjs/zepto.js
emsmobile/buzz/buzz.js
emsmobile/buzz/buzz.min.js
emsmobile/cache-utils/cache-utils.js
emsmobile/classie/classie.js
emsmobile/clear.cache.gif
emsmobile/compilation-mappings.txt
emsmobile/css/font-awesome.css
emsmobile/css/font-awesome.css.map
emsmobile/css/font-awesome.min.css
emsmobile/emsmobile.devmode.js
emsmobile/emsmobile.nocache.js
emsmobile/fonts/FontAwesome.otf
emsmobile/fonts/fontawesome-webfont.eot
emsmobile/fonts/fontawesome-webfont.svg
emsmobile/fonts/fontawesome-webfont.ttf
emsmobile/fonts/fontawesome-webfont.woff
emsmobile/fonts/fontawesome-webfont.woff2
emsmobile/keyboard/css/jquery-ui.min.css
emsmobile/keyboard/css/keyboard-previewkeyset.min.css
emsmobile/keyboard/css/keyboard.min.css
emsmobile/keyboard/js/jquery-ui.min.js
emsmobile/keyboard/js/jquery.keyboard.extension-all.min.js
emsmobile/keyboard/js/jquery.keyboard.extension-altkeyspopup.min.js
emsmobile/keyboard/js/jquery.keyboard.extension-autocomplete.min.js
emsmobile/keyboard/js/jquery.keyboard.extension-extender.min.js
emsmobile/keyboard/js/jquery.keyboard.extension-mobile.min.js
emsmobile/keyboard/js/jquery.keyboard.extension-navigation.min.js
emsmobile/keyboard/js/jquery.keyboard.extension-previewkeyset.min.js
emsmobile/keyboard/js/jquery.keyboard.extension-scramble.min.js
emsmobile/keyboard/js/jquery.keyboard.extension-typing.min.js
emsmobile/keyboard/js/jquery.keyboard.min.js
emsmobile/keyboard/js/jquery.mousewheel.min.js
emsmobile/keyboard/layouts/albanian.min.js
emsmobile/keyboard/layouts/arabic.min.js
emsmobile/keyboard/layouts/belarusian.min.js
emsmobile/keyboard/layouts/bengali.min.js
emsmobile/keyboard/layouts/bulgarian.min.js
emsmobile/keyboard/layouts/catalan.min.js
emsmobile/keyboard/layouts/chinese.min.js
emsmobile/keyboard/layouts/danish.min.js
emsmobile/keyboard/layouts/french.min.js
emsmobile/keyboard/layouts/german.min.js
emsmobile/keyboard/layouts/hebrew.min.js
emsmobile/keyboard/layouts/hindi.min.js
emsmobile/keyboard/layouts/hungarian.min.js
emsmobile/keyboard/layouts/hungarianansi.min.js
emsmobile/keyboard/layouts/japanese.min.js
emsmobile/keyboard/layouts/keyboard-layouts-combined.min.js
emsmobile/keyboard/layouts/keyboard-layouts-greywyvern.min.js
emsmobile/keyboard/layouts/keyboard-layouts-microsoft.min.js
emsmobile/keyboard/layouts/latvian.min.js
emsmobile/keyboard/layouts/mongolian.min.js
emsmobile/keyboard/layouts/ms-Albanian.min.js
emsmobile/keyboard/layouts/ms-Arabic.min.js
emsmobile/keyboard/layouts/ms-Armenian.min.js
emsmobile/keyboard/layouts/ms-Assamese.min.js
emsmobile/keyboard/layouts/ms-Azeri.min.js
emsmobile/keyboard/layouts/ms-Bashkir.min.js
emsmobile/keyboard/layouts/ms-Belarusian.min.js
emsmobile/keyboard/layouts/ms-Belgian.min.js
emsmobile/keyboard/layouts/ms-Bengali.min.js
emsmobile/keyboard/layouts/ms-Bulgarian.min.js
emsmobile/keyboard/layouts/ms-Canadian.min.js
emsmobile/keyboard/layouts/ms-Chinese.min.js
emsmobile/keyboard/layouts/ms-Czech.min.js
emsmobile/keyboard/layouts/ms-Danish.min.js
emsmobile/keyboard/layouts/ms-Devanagari.min.js
emsmobile/keyboard/layouts/ms-Divehi.min.js
emsmobile/keyboard/layouts/ms-Dutch.min.js
emsmobile/keyboard/layouts/ms-Estonian.min.js
emsmobile/keyboard/layouts/ms-Faeroese.min.js
emsmobile/keyboard/layouts/ms-Finnish.min.js
emsmobile/keyboard/layouts/ms-French.min.js
emsmobile/keyboard/layouts/ms-Gaelic.min.js
emsmobile/keyboard/layouts/ms-Georgian.min.js
emsmobile/keyboard/layouts/ms-German.min.js
emsmobile/keyboard/layouts/ms-Greek.min.js
emsmobile/keyboard/layouts/ms-Greenlandic.min.js
emsmobile/keyboard/layouts/ms-Gujarati.min.js
emsmobile/keyboard/layouts/ms-Hausa.min.js
emsmobile/keyboard/layouts/ms-Hebrew.min.js
emsmobile/keyboard/layouts/ms-Hindi-Traditional.min.js
emsmobile/keyboard/layouts/ms-Hungarian.min.js
emsmobile/keyboard/layouts/ms-Icelandic.min.js
emsmobile/keyboard/layouts/ms-Igbo.min.js
emsmobile/keyboard/layouts/ms-Inuktitut.min.js
emsmobile/keyboard/layouts/ms-Irish.min.js
emsmobile/keyboard/layouts/ms-Italian.min.js
emsmobile/keyboard/layouts/ms-Japanese-Hiragana.min.js
emsmobile/keyboard/layouts/ms-Kannada.min.js
emsmobile/keyboard/layouts/ms-Kazakh.min.js
emsmobile/keyboard/layouts/ms-Korean.min.js
emsmobile/keyboard/layouts/ms-Kyrgyz-Cyrillic.min.js
emsmobile/keyboard/layouts/ms-Lao.min.js
emsmobile/keyboard/layouts/ms-Latin-American.min.js
emsmobile/keyboard/layouts/ms-Latvian.min.js
emsmobile/keyboard/layouts/ms-Lithuanian.min.js
emsmobile/keyboard/layouts/ms-Luxembourgish.min.js
emsmobile/keyboard/layouts/ms-Macedonian.min.js
emsmobile/keyboard/layouts/ms-Malayalam.min.js
emsmobile/keyboard/layouts/ms-Maltese.min.js
emsmobile/keyboard/layouts/ms-Maori.min.js
emsmobile/keyboard/layouts/ms-Marathi.min.js
emsmobile/keyboard/layouts/ms-Mongolian-Cyrillic.min.js
emsmobile/keyboard/layouts/ms-Nepali.min.js
emsmobile/keyboard/layouts/ms-Norwegian.min.js
emsmobile/keyboard/layouts/ms-Oriya.min.js
emsmobile/keyboard/layouts/ms-Pashto.min.js
emsmobile/keyboard/layouts/ms-Persian.min.js
emsmobile/keyboard/layouts/ms-Polish.min.js
emsmobile/keyboard/layouts/ms-Portuguese.min.js
emsmobile/keyboard/layouts/ms-Punjabi.min.js
emsmobile/keyboard/layouts/ms-Romanian.min.js
emsmobile/keyboard/layouts/ms-Russian.min.js
emsmobile/keyboard/layouts/ms-Sami.min.js
emsmobile/keyboard/layouts/ms-Serbian.min.js
emsmobile/keyboard/layouts/ms-Setswana.min.js
emsmobile/keyboard/layouts/ms-Sinhala.min.js
emsmobile/keyboard/layouts/ms-Slovak.min.js
emsmobile/keyboard/layouts/ms-Slovenian.min.js
emsmobile/keyboard/layouts/ms-Sorbian.min.js
emsmobile/keyboard/layouts/ms-Spanish.min.js
emsmobile/keyboard/layouts/ms-Swedish-Sami.min.js
emsmobile/keyboard/layouts/ms-Swedish.min.js
emsmobile/keyboard/layouts/ms-Swiss-German.min.js
emsmobile/keyboard/layouts/ms-Syriac.min.js
emsmobile/keyboard/layouts/ms-Tajik.min.js
emsmobile/keyboard/layouts/ms-Tamil.min.js
emsmobile/keyboard/layouts/ms-Tatar.min.js
emsmobile/keyboard/layouts/ms-Telugu.min.js
emsmobile/keyboard/layouts/ms-Thai.min.js
emsmobile/keyboard/layouts/ms-Tibetan.min.js
emsmobile/keyboard/layouts/ms-Turkish.min.js
emsmobile/keyboard/layouts/ms-Turkmen.min.js
emsmobile/keyboard/layouts/ms-US-Dvorak.min.js
emsmobile/keyboard/layouts/ms-US-English.min.js
emsmobile/keyboard/layouts/ms-Ukrainian.min.js
emsmobile/keyboard/layouts/ms-United-Kingdom.min.js
emsmobile/keyboard/layouts/ms-Urdu.min.js
emsmobile/keyboard/layouts/ms-Uyghur.min.js
emsmobile/keyboard/layouts/ms-Uzbek-Cyrillic.min.js
emsmobile/keyboard/layouts/ms-Vietnamese.min.js
emsmobile/keyboard/layouts/ms-Wolof.min.js
emsmobile/keyboard/layouts/ms-Yakut.min.js
emsmobile/keyboard/layouts/ms-Yoruba.min.js
emsmobile/keyboard/layouts/persian.min.js
emsmobile/keyboard/layouts/polish.min.js
emsmobile/keyboard/layouts/portuguese.min.js
emsmobile/keyboard/layouts/romanian.min.js
emsmobile/keyboard/layouts/russian.min.js
emsmobile/keyboard/layouts/serbian.min.js
emsmobile/keyboard/layouts/spanish.min.js
emsmobile/keyboard/layouts/swedish.min.js
emsmobile/keyboard/layouts/tamil.min.js
emsmobile/keyboard/layouts/thai.min.js
emsmobile/keyboard/layouts/turkish.min.js
emsmobile/keyboard/layouts/vietnamese.min.js
emsmobile/mask/loadmask.css
emsmobile/mask/loadmask.js
emsmobile/mask/spin.min.js
emsmobile/popover/jquery.js
emsmobile/popover/popover.css
emsmobile/popover/popover.js
emsmobile/ratchet/css/ratchet-theme-android.css
emsmobile/ratchet/css/ratchet-theme-android.min.css
emsmobile/ratchet/css/ratchet-theme-ios.css
emsmobile/ratchet/css/ratchet-theme-ios.min.css
emsmobile/ratchet/css/ratchet.css
emsmobile/ratchet/css/ratchet.min.css
emsmobile/ratchet/fonts/ratchicons.eot
emsmobile/ratchet/fonts/ratchicons.svg
emsmobile/ratchet/fonts/ratchicons.ttf
emsmobile/ratchet/fonts/ratchicons.woff
emsmobile/ratchet/js/ratchet.js
emsmobile/ratchet/js/ratchet.min.js
emsmobile/snapjs/README.md
emsmobile/snapjs/component.json
emsmobile/snapjs/demo/apps/classNames.html
emsmobile/snapjs/demo/apps/default.html
emsmobile/snapjs/demo/apps/dragElement.html
emsmobile/snapjs/demo/apps/expand.html
emsmobile/snapjs/demo/apps/hyperextend.html
emsmobile/snapjs/demo/apps/noDrag.html
emsmobile/snapjs/demo/apps/ratchet/ratchet.css
emsmobile/snapjs/demo/apps/ratchet/ratchet.js
emsmobile/snapjs/demo/apps/ratchet/template.html
emsmobile/snapjs/demo/apps/rightDisabled.html
emsmobile/snapjs/demo/apps/settings.html
emsmobile/snapjs/demo/apps/skinnyThreshold.html
emsmobile/snapjs/demo/apps/toggles.html
emsmobile/snapjs/demo/assets/demo.css
emsmobile/snapjs/demo/assets/demo.js
emsmobile/snapjs/demo/assets/drag.png
emsmobile/snapjs/demo/assets/graph.png
emsmobile/snapjs/demo/assets/open.png
emsmobile/snapjs/demo/index.html
emsmobile/snapjs/snap.css
emsmobile/snapjs/snap.js
emsmobile/snapjs/snap.min.js
emsmobile/vuejs/vue.js.old
emsmobile/vuejs/vue.min.js
emsmobile/wptr/base.css
emsmobile/wptr/genericons/Genericons.eot
emsmobile/wptr/genericons/Genericons.svg
emsmobile/wptr/genericons/Genericons.ttf
emsmobile/wptr/genericons/Genericons.woff
emsmobile/wptr/genericons/genericons.css
emsmobile/wptr/hammer.2.0.4.js
emsmobile/wptr/wptr.1.1.js
