emsmobile/1FE76F7C16E6AF7A592A312E45CB4CC0.cache.js
emsmobile/454B3D889BC4CAEC311F7F70EBED945D.cache.js
emsmobile/64B510CD8016DD4EC6A964098A760EE1.cache.js
emsmobile/7D22210F3765C753911E1379C93B7EB1.cache.js
emsmobile/ECA5F00E6BF98A62416EB6459C29EDF0.cache.js
emsmobile/appjs/app.min.css
emsmobile/appjs/app.min.js
emsmobile/appjs/bundle.html
emsmobile/appjs/zepto.js
emsmobile/cache-utils/cache-utils.js
emsmobile/classie/classie.js
emsmobile/clear.cache.gif
emsmobile/compilation-mappings.txt
emsmobile/css/font-awesome.css
emsmobile/css/font-awesome.css.map
emsmobile/css/font-awesome.min.css
emsmobile/emsmobile.devmode.js
emsmobile/emsmobile.nocache.js
emsmobile/fonts/FontAwesome.otf
emsmobile/fonts/fontawesome-webfont.eot
emsmobile/fonts/fontawesome-webfont.svg
emsmobile/fonts/fontawesome-webfont.ttf
emsmobile/fonts/fontawesome-webfont.woff
emsmobile/fonts/fontawesome-webfont.woff2
emsmobile/ratchet/css/ratchet-theme-android.css
emsmobile/ratchet/css/ratchet-theme-android.min.css
emsmobile/ratchet/css/ratchet-theme-ios.css
emsmobile/ratchet/css/ratchet-theme-ios.min.css
emsmobile/ratchet/css/ratchet.css
emsmobile/ratchet/css/ratchet.min.css
emsmobile/ratchet/fonts/ratchicons.eot
emsmobile/ratchet/fonts/ratchicons.svg
emsmobile/ratchet/fonts/ratchicons.ttf
emsmobile/ratchet/fonts/ratchicons.woff
emsmobile/ratchet/js/ratchet.js
emsmobile/ratchet/js/ratchet.min.js
emsmobile/snapjs/README.md
emsmobile/snapjs/component.json
emsmobile/snapjs/demo/apps/classNames.html
emsmobile/snapjs/demo/apps/default.html
emsmobile/snapjs/demo/apps/dragElement.html
emsmobile/snapjs/demo/apps/expand.html
emsmobile/snapjs/demo/apps/hyperextend.html
emsmobile/snapjs/demo/apps/noDrag.html
emsmobile/snapjs/demo/apps/ratchet/ratchet.css
emsmobile/snapjs/demo/apps/ratchet/ratchet.js
emsmobile/snapjs/demo/apps/ratchet/template.html
emsmobile/snapjs/demo/apps/rightDisabled.html
emsmobile/snapjs/demo/apps/settings.html
emsmobile/snapjs/demo/apps/skinnyThreshold.html
emsmobile/snapjs/demo/apps/toggles.html
emsmobile/snapjs/demo/assets/demo.css
emsmobile/snapjs/demo/assets/demo.js
emsmobile/snapjs/demo/assets/drag.png
emsmobile/snapjs/demo/assets/graph.png
emsmobile/snapjs/demo/assets/open.png
emsmobile/snapjs/demo/index.html
emsmobile/snapjs/snap.css
emsmobile/snapjs/snap.js
emsmobile/snapjs/snap.min.js
emsmobile/vuejs/vue.js
