emsmobile/523E63CC746C176915BB4A7C90BD5C42.cache.js
emsmobile/6D409EEDB40677EE2185A9977972DE43.cache.js
emsmobile/799A7981F468EB410FB7A0D91589DA5C.cache.js
emsmobile/F90E29572C08CDA053803611073E3B3C.cache.js
emsmobile/FD2B2FA20E186AADC4832E4937986B5D.cache.js
emsmobile/appjs/app.min.css
emsmobile/appjs/app.min.js
emsmobile/appjs/bundle.html
emsmobile/appjs/zepto.js
emsmobile/cache-utils/cache-utils.js
emsmobile/classie/classie.js
emsmobile/clear.cache.gif
emsmobile/compilation-mappings.txt
emsmobile/css/font-awesome.css
emsmobile/css/font-awesome.css.map
emsmobile/css/font-awesome.min.css
emsmobile/emsmobile.devmode.js
emsmobile/emsmobile.nocache.js
emsmobile/fonts/FontAwesome.otf
emsmobile/fonts/fontawesome-webfont.eot
emsmobile/fonts/fontawesome-webfont.svg
emsmobile/fonts/fontawesome-webfont.ttf
emsmobile/fonts/fontawesome-webfont.woff
emsmobile/fonts/fontawesome-webfont.woff2
emsmobile/popover/jquery.js
emsmobile/popover/popover.css
emsmobile/popover/popover.js
emsmobile/ratchet/css/ratchet-theme-android.css
emsmobile/ratchet/css/ratchet-theme-android.min.css
emsmobile/ratchet/css/ratchet-theme-ios.css
emsmobile/ratchet/css/ratchet-theme-ios.min.css
emsmobile/ratchet/css/ratchet.css
emsmobile/ratchet/css/ratchet.min.css
emsmobile/ratchet/fonts/ratchicons.eot
emsmobile/ratchet/fonts/ratchicons.svg
emsmobile/ratchet/fonts/ratchicons.ttf
emsmobile/ratchet/fonts/ratchicons.woff
emsmobile/ratchet/js/ratchet.js
emsmobile/ratchet/js/ratchet.min.js
emsmobile/snapjs/README.md
emsmobile/snapjs/component.json
emsmobile/snapjs/demo/apps/classNames.html
emsmobile/snapjs/demo/apps/default.html
emsmobile/snapjs/demo/apps/dragElement.html
emsmobile/snapjs/demo/apps/expand.html
emsmobile/snapjs/demo/apps/hyperextend.html
emsmobile/snapjs/demo/apps/noDrag.html
emsmobile/snapjs/demo/apps/ratchet/ratchet.css
emsmobile/snapjs/demo/apps/ratchet/ratchet.js
emsmobile/snapjs/demo/apps/ratchet/template.html
emsmobile/snapjs/demo/apps/rightDisabled.html
emsmobile/snapjs/demo/apps/settings.html
emsmobile/snapjs/demo/apps/skinnyThreshold.html
emsmobile/snapjs/demo/apps/toggles.html
emsmobile/snapjs/demo/assets/demo.css
emsmobile/snapjs/demo/assets/demo.js
emsmobile/snapjs/demo/assets/drag.png
emsmobile/snapjs/demo/assets/graph.png
emsmobile/snapjs/demo/assets/open.png
emsmobile/snapjs/demo/index.html
emsmobile/snapjs/snap.css
emsmobile/snapjs/snap.js
emsmobile/snapjs/snap.min.js
emsmobile/vuejs/vue.js
